[backblue.gif]
[fade.gif]
[index.html]
[eloquentjavascript.net/img/cover.jpg]
[eloquentjavascript.net/code/LICENSE]
[eloquentjavascript.net/img/nextjournal.png]
[eloquentjavascript.net/img/holberton.png]
[eloquentjavascript.net/img/mozilla_mini.png]
[eloquentjavascript.net/img/hack_reactor_mini.png]
[eloquentjavascript.net/img/ghostery_mini.png]
[eloquentjavascript.net/Eloquent_JavaScript.pdf]
[eloquentjavascript.net/Eloquent_JavaScript_small.pdf]
[eloquentjavascript.net/Eloquent_JavaScript.epub]
[eloquentjavascript.net/Eloquent_JavaScript.mobi]
[eloquentjavascript.net/index.html]
[eloquentjavascript.net/backers3.html]
[eloquentjavascript.net/img/mozilla.png]
[eloquentjavascript.net/img/hack_reactor.png]
[eloquentjavascript.net/img/ghostery.png]
[eloquentjavascript.net/backers.html]
[eloquentjavascript.net/js/acorn_codemirror.js]
[eloquentjavascript.net/js/sandbox.js]
[eloquentjavascript.net/js/ejs.js]
[eloquentjavascript.net/img/chapter_picture_00.jpg]
[eloquentjavascript.net/00_intro.html]
[eloquentjavascript.net/img/chapter_picture_1.jpg]
[eloquentjavascript.net/01_values.html]
[eloquentjavascript.net/img/chapter_picture_2.jpg]
[eloquentjavascript.net/img/prompt.png]
[eloquentjavascript.net/02_program_structure.html]
[eloquentjavascript.net/img/chapter_picture_3.jpg]
[eloquentjavascript.net/03_functions.html]
[eloquentjavascript.net/img/chapter_picture_4.jpg]
[eloquentjavascript.net/code/journal.js]
[eloquentjavascript.net/04_data.html]
[eloquentjavascript.net/code/chapter/05_higher_order.js]
[eloquentjavascript.net/img/chapter_picture_5.jpg]
[eloquentjavascript.net/img/tamil.png]
[eloquentjavascript.net/05_higher_order.html]
[eloquentjavascript.net/img/chapter_picture_6.jpg]
[eloquentjavascript.net/06_object.html]
[eloquentjavascript.net/img/chapter_picture_7.jpg]
[eloquentjavascript.net/img/village2x.png]
[eloquentjavascript.net/07_robot.html]
[eloquentjavascript.net/img/chapter_picture_8.jpg]
[eloquentjavascript.net/08_error.html]
[eloquentjavascript.net/img/chapter_picture_9.jpg]
[eloquentjavascript.net/09_regexp.html]
[eloquentjavascript.net/img/chapter_picture_10.jpg]
[eloquentjavascript.net/10_modules.html]
[eloquentjavascript.net/img/chapter_picture_11.jpg]
[eloquentjavascript.net/img/Hieres-sur-Amby.png]
[eloquentjavascript.net/11_async.html]
[eloquentjavascript.net/img/chapter_picture_12.jpg]
[eloquentjavascript.net/12_language.html]
[eloquentjavascript.net/13_browser.html]
[eloquentjavascript.net/img/chapter_picture_13.jpg]
[eloquentjavascript.net/img/chapter_picture_14.jpg]
[eloquentjavascript.net/14_dom.html]
[eloquentjavascript.net/img/chapter_picture_15.jpg]
[eloquentjavascript.net/15_event.html]
[eloquentjavascript.net/img/chapter_picture_16.jpg]
[eloquentjavascript.net/img/darkblue.png]
[eloquentjavascript.net/16_game.html]
[eloquentjavascript.net/code/levels.js]
[eloquentjavascript.net/img/chapter_picture_17.jpg]
[eloquentjavascript.net/img/player_big.png]
[eloquentjavascript.net/img/sprites_big.png]
[eloquentjavascript.net/img/exercise_shapes.png]
[eloquentjavascript.net/17_canvas.html]
[eloquentjavascript.net/img/chapter_picture_18.jpg]
[eloquentjavascript.net/18_http.html]
[eloquentjavascript.net/img/chapter_picture_19.jpg]
[eloquentjavascript.net/img/pixel_editor.png]
[eloquentjavascript.net/19_paint.html]
[eloquentjavascript.net/img/chapter_picture_20.jpg]
[eloquentjavascript.net/code/file_server.js]
[eloquentjavascript.net/20_node.html]
[eloquentjavascript.net/img/chapter_picture_21.jpg]
[eloquentjavascript.net/code/skillsharing.zip]
[eloquentjavascript.net/img/skillsharing.png]
[eloquentjavascript.net/21_skillsharing.html]
[eloquentjavascript.net/code/index.html]
[eloquentjavascript.net/errata.html]
[eloquentjavascript.net/1st_edition/img/ejs.png]
[eloquentjavascript.net/1st_edition/Eloquent JavaScript.zip]
[eloquentjavascript.net/1st_edition/index.html]
[eloquentjavascript.net/2nd_edition/img/cover.png]
[eloquentjavascript.net/2nd_edition/img/mozilla_mini.png]
[eloquentjavascript.net/2nd_edition/img/hack_reactor_mini.png]
[eloquentjavascript.net/2nd_edition/img/ghostery_mini.png]
[eloquentjavascript.net/2nd_edition/Eloquent_JavaScript.pdf]
[eloquentjavascript.net/2nd_edition/Eloquent_JavaScript_small.pdf]
[eloquentjavascript.net/2nd_edition/Eloquent_JavaScript.epub]
[eloquentjavascript.net/2nd_edition/Eloquent_JavaScript.mobi]
[eloquentjavascript.net/2nd_edition/index.html]
[eloquentjavascript.net/index-2.html]
[eloquentjavascript.net/author.html]
[eloquentjavascript.net/2nd_edition/code/index.html]
[eloquentjavascript.net/1st_edition/errata.html]
[eloquentjavascript.net/2nd_edition/errata.html]
[eloquentjavascript.net/1st_edition/contents.html]
[eloquentjavascript.net/1st_edition/js/mochi.js]
[eloquentjavascript.net/1st_edition/js/codemirror.js]
[eloquentjavascript.net/1st_edition/js/paper.js]
[eloquentjavascript.net/1st_edition/paper.html]
[eloquentjavascript.net/1st_edition/img/eyes.png]
[eloquentjavascript.net/1st_edition/img/Hiva Oa.png]
[eloquentjavascript.net/1st_edition/img/height.png]
[eloquentjavascript.net/1st_edition/img/objectchain.png]
[eloquentjavascript.net/1st_edition/img/diagonalpath.png]
[eloquentjavascript.net/1st_edition/img/xkcd_regular_expressions.png]
[eloquentjavascript.net/1st_edition/img/html.png]
[eloquentjavascript.net/1st_edition/img/tree.png]
[eloquentjavascript.net/1st_edition/img/heap.png]
[eloquentjavascript.net/1st_edition/print.html]
[eloquentjavascript.net/1st_edition/imprint.html]
[eloquentjavascript.net/2nd_edition/img/mozilla.png]
[eloquentjavascript.net/2nd_edition/img/hack_reactor.png]
[eloquentjavascript.net/2nd_edition/img/ghostery.png]
[eloquentjavascript.net/2nd_edition/backers.html]
[eloquentjavascript.net/2nd_edition/js/acorn_codemirror.js]
[eloquentjavascript.net/2nd_edition/js/sandbox.js]
[eloquentjavascript.net/2nd_edition/js/ejs.js]
[eloquentjavascript.net/2nd_edition/img/generated/computer.png]
[eloquentjavascript.net/2nd_edition/00_intro.html]
[eloquentjavascript.net/2nd_edition/img/bit-sea.png]
[eloquentjavascript.net/2nd_edition/01_values.html]
[eloquentjavascript.net/2nd_edition/img/octopus.jpg]
[eloquentjavascript.net/2nd_edition/img/alert.png]
[eloquentjavascript.net/2nd_edition/img/confirm.png]
[eloquentjavascript.net/2nd_edition/img/prompt.png]
[eloquentjavascript.net/2nd_edition/02_program_structure.html]
[eloquentjavascript.net/2nd_edition/03_functions.html]
[eloquentjavascript.net/2nd_edition/img/weresquirrel.png]
[eloquentjavascript.net/2nd_edition/img/octopus-object.jpg]
[eloquentjavascript.net/2nd_edition/img/octopus-array.jpg]
[eloquentjavascript.net/2nd_edition/code/jacques_journal.js]
[eloquentjavascript.net/2nd_edition/04_data.html]
[eloquentjavascript.net/2nd_edition/code/chapter/05_higher_order.js]
[eloquentjavascript.net/2nd_edition/code/ancestry.js]
[eloquentjavascript.net/2nd_edition/05_higher_order.html]
[eloquentjavascript.net/2nd_edition/img/object.jpg]
[eloquentjavascript.net/2nd_edition/code/mountains.js]
[eloquentjavascript.net/2nd_edition/06_object.html]
[eloquentjavascript.net/2nd_edition/07_elife.html]
[eloquentjavascript.net/2nd_edition/08_error.html]
[eloquentjavascript.net/2nd_edition/09_regexp.html]
[eloquentjavascript.net/2nd_edition/10_modules.html]
[eloquentjavascript.net/2nd_edition/11_language.html]
[eloquentjavascript.net/2nd_edition/12_browser.html]
[eloquentjavascript.net/2nd_edition/13_dom.html]
[eloquentjavascript.net/2nd_edition/14_event.html]
[eloquentjavascript.net/2nd_edition/img/darkblue.png]
[eloquentjavascript.net/2nd_edition/15_game.html]
[eloquentjavascript.net/2nd_edition/code/game_levels.js]
[eloquentjavascript.net/2nd_edition/img/player_big.png]
[eloquentjavascript.net/2nd_edition/img/sprites_big.png]
[eloquentjavascript.net/2nd_edition/img/exercise_shapes.png]
[eloquentjavascript.net/2nd_edition/16_canvas.html]
[eloquentjavascript.net/2nd_edition/17_http.html]
[eloquentjavascript.net/2nd_edition/18_forms.html]
[eloquentjavascript.net/2nd_edition/img/paint.png]
[eloquentjavascript.net/2nd_edition/19_paint.html]
[eloquentjavascript.net/2nd_edition/code/file_server.js]
[eloquentjavascript.net/2nd_edition/code/file_server_promises.js]
[eloquentjavascript.net/2nd_edition/20_node.html]
[eloquentjavascript.net/2nd_edition/code/skillsharing.zip]
[eloquentjavascript.net/2nd_edition/img/skillsharing.png]
[eloquentjavascript.net/2nd_edition/21_skillsharing.html]
[eloquentjavascript.net/1st_edition/index-2.html]
[eloquentjavascript.net/2nd_edition/index-2.html]
[eloquentjavascript.net/1st_edition/js/before.js]
[eloquentjavascript.net/1st_edition/js/ejs.js]
[eloquentjavascript.net/1st_edition/chapter1.html]
[eloquentjavascript.net/1st_edition/chapter2.html]
[eloquentjavascript.net/1st_edition/chapter3.html]
[eloquentjavascript.net/1st_edition/chapter4.html]
[eloquentjavascript.net/1st_edition/chapter5.html]
[eloquentjavascript.net/1st_edition/chapter6.html]
[eloquentjavascript.net/1st_edition/chapter7.html]
[eloquentjavascript.net/1st_edition/chapter8.html]
[eloquentjavascript.net/1st_edition/chapter9.html]
[eloquentjavascript.net/1st_edition/chapter10.html]
[eloquentjavascript.net/1st_edition/chapter11.html]
[eloquentjavascript.net/1st_edition/chapter12.html]
[eloquentjavascript.net/1st_edition/chapter13.html]
[eloquentjavascript.net/1st_edition/chapter14.html]
[eloquentjavascript.net/1st_edition/appendix1.html]
[eloquentjavascript.net/1st_edition/appendix2.html]
[eloquentjavascript.net/1st_edition/terms.html]
[eloquentjavascript.net/img/cover.jpg]
[eloquentjavascript.net/Eloquent_JavaScript.pdf]
[eloquentjavascript.net/Eloquent_JavaScript_small.pdf]
[eloquentjavascript.net/Eloquent_JavaScript.epub]
[eloquentjavascript.net/Eloquent_JavaScript.mobi]
[eloquentjavascript.net/font/cinzel_bold.woff]
[eloquentjavascript.net/img/mozilla.png]
[eloquentjavascript.net/img/ghostery.png]
[eloquentjavascript.net/img/chapter_picture_3.jpg]
[eloquentjavascript.net/js/acorn_codemirror.js]
[eloquentjavascript.net/img/chapter_picture_5.jpg]
[eloquentjavascript.net/img/chapter_picture_7.jpg]
[eloquentjavascript.net/img/chapter_picture_6.jpg]
[eloquentjavascript.net/font/pt_mono.woff]
[eloquentjavascript.net/css/ejs.css]
[eloquentjavascript.net/img/chapter_picture_10.jpg]
[eloquentjavascript.net/img/Hieres-sur-Amby.png]
[eloquentjavascript.net/img/chapter_picture_13.jpg]
[eloquentjavascript.net/img/chapter_picture_12.jpg]
[eloquentjavascript.net/img/chapter_picture_14.jpg]
[eloquentjavascript.net/img/chapter_picture_16.jpg]
[eloquentjavascript.net/img/chapter_picture_18.jpg]
[eloquentjavascript.net/code/LICENSE]
[eloquentjavascript.net/img/chapter_picture_20.jpg]
[eloquentjavascript.net/1st_edition/Eloquent JavaScript.zip]
[eloquentjavascript.net/img/skillsharing.png]
[eloquentjavascript.net/2nd_edition/img/cover.png]
[eloquentjavascript.net/2nd_edition/Eloquent_JavaScript.pdf]
[eloquentjavascript.net/2nd_edition/Eloquent_JavaScript_small.pdf]
[eloquentjavascript.net/2nd_edition/Eloquent_JavaScript.epub]
[eloquentjavascript.net/2nd_edition/Eloquent_JavaScript.mobi]
[eloquentjavascript.net/1st_edition/index.html]
[eloquentjavascript.net/1st_edition/js/codemirror.js]
[eloquentjavascript.net/1st_edition/js/mochi.js]
[eloquentjavascript.net/js/node_modules/codemirror/lib/codemirror.css]
[eloquentjavascript.net/1st_edition/js/paper.js]
[eloquentjavascript.net/1st_edition/img/eyes.png]
[eloquentjavascript.net/1st_edition/img/Hiva Oa.png]
[eloquentjavascript.net/1st_edition/img/height.png]
[eloquentjavascript.net/1st_edition/img/xkcd_regular_expressions.png]
[eloquentjavascript.net/2nd_edition/img/mozilla.png]
[eloquentjavascript.net/2nd_edition/img/ghostery.png]
[sodipodi.sourceforge.net/DTD/sodipodi-0.105.delayed]
[eloquentjavascript.net/2nd_edition/js/acorn_codemirror.js]
[eloquentjavascript.net/img/controlflow-straight.svg]
[eloquentjavascript.net/2nd_edition/js/sandbox.js]
[eloquentjavascript.net/img/controlflow-if.svg]
[eloquentjavascript.net/2nd_edition/js/ejs.js]
[eloquentjavascript.net/2nd_edition/img/generated/computer.png]
[eloquentjavascript.net/2nd_edition/img/bit-sea.png]
[eloquentjavascript.net/2nd_edition/img/octopus.jpg]
[eloquentjavascript.net/img/controlflow-nested-if.svg]
[eloquentjavascript.net/2nd_edition/img/weresquirrel.png]
[eloquentjavascript.net/2nd_edition/img/octopus-array.jpg]
[eloquentjavascript.net/img/controlflow-loop.svg]
[eloquentjavascript.net/2nd_edition/img/octopus-object.jpg]
[eloquentjavascript.net/2nd_edition/img/object.jpg]
[eloquentjavascript.net/img/pizza-squirrel.svg]
[eloquentjavascript.net/img/linked-list.svg]
[eloquentjavascript.net/img/rabbits.svg]
[eloquentjavascript.net/img/re_pigchickens.svg]
[eloquentjavascript.net/img/re_number.svg]
[eloquentjavascript.net/img/re_slow.svg]
[eloquentjavascript.net/img/control-io.svg]
[eloquentjavascript.net/img/syntax_tree.svg]
[eloquentjavascript.net/img/html-boxes.svg]
[eloquentjavascript.net/img/html-tree.svg]
[eloquentjavascript.net/img/html-links.svg]
[eloquentjavascript.net/img/cos_sin.svg]
[eloquentjavascript.net/img/game-grid.svg]
[eloquentjavascript.net/img/transform.svg]
[eloquentjavascript.net/img/mirror.svg]
[eloquentjavascript.net/author.html]
[eloquentjavascript.net/img/flood-grid.svg]
[eloquentjavascript.net/img/line-grid.svg]
[eloquentjavascript.net/1st_edition/js/ejs.js]
[eloquentjavascript.net/2nd_edition/img/paint.png]
[eloquentjavascript.net/font/pt_mono.woff]
[eloquentjavascript.net/1st_edition/img/hr.png]
[eloquentjavascript.net/1st_edition/img/react.png]
[eloquentjavascript.net/1st_edition/css/book.css]
[eloquentjavascript.net/1st_edition/print.html]
[eloquentjavascript.net/2nd_edition/font/cinzel_bold.woff]
[eloquentjavascript.net/2nd_edition/css/ejs.css]
[eloquentjavascript.net/2nd_edition/font/pt_mono.woff]
[eloquentjavascript.net/2nd_edition/backers.html]
[eloquentjavascript.net/1st_edition/index-2.html]
[eloquentjavascript.net/1st_edition/css/highlight.css]
[eloquentjavascript.net/1st_edition/img/show.png]
[eloquentjavascript.net/1st_edition/img/hide.png]
[eloquentjavascript.net/1st_edition/img/resize.png]
[eloquentjavascript.net/1st_edition/img/runcode_done.png]
[eloquentjavascript.net/1st_edition/img/runcode.png]
[eloquentjavascript.net/1st_edition/img/loadcode.png]
[eloquentjavascript.net/1st_edition/css/console.css]
[eloquentjavascript.net/1st_edition/css/codemirror.css]
[eloquentjavascript.net/1st_edition/img/sokoban/empty.png]
[eloquentjavascript.net/1st_edition/img/sokoban/wall.png]
[eloquentjavascript.net/1st_edition/img/sokoban/exit.png]
[eloquentjavascript.net/1st_edition/css/sokoban.css]
[eloquentjavascript.net/2nd_edition/js/node_modules/codemirror/lib/codemirror.css]
[eloquentjavascript.net/2nd_edition/img/controlflow-straight.svg]
[eloquentjavascript.net/2nd_edition/img/controlflow-if.svg]
[eloquentjavascript.net/2nd_edition/img/controlflow-nested-if.svg]
[eloquentjavascript.net/2nd_edition/img/controlflow-loop.svg]
[eloquentjavascript.net/2nd_edition/img/pizza-squirrel.svg]
[eloquentjavascript.net/2nd_edition/img/linked-list.svg]
[eloquentjavascript.net/2nd_edition/img/rabbits.svg]
[eloquentjavascript.net/2nd_edition/img/re_pigchickens.svg]
[eloquentjavascript.net/2nd_edition/img/re_number.svg]
[eloquentjavascript.net/2nd_edition/img/re_slow.svg]
[eloquentjavascript.net/2nd_edition/img/syntax_tree.svg]
[eloquentjavascript.net/2nd_edition/img/html-boxes.svg]
[eloquentjavascript.net/2nd_edition/img/html-tree.svg]
[eloquentjavascript.net/2nd_edition/img/html-links.svg]
[eloquentjavascript.net/2nd_edition/img/cos_sin.svg]
[eloquentjavascript.net/2nd_edition/img/game-grid.svg]
[eloquentjavascript.net/2nd_edition/img/transform.svg]
[eloquentjavascript.net/2nd_edition/img/mirror.svg]
[eloquentjavascript.net/2nd_edition/img/flood-grid.svg]
[eloquentjavascript.net/2nd_edition/img/control-io.svg]
[eloquentjavascript.net/2nd_edition/img/unicycle.svg]
[sodipodi.sourceforge.net/DTD/sodipodi-0.html]
[eloquentjavascript.net/img/controlflow-nested-else.html]
[eloquentjavascript.net/1st_edition/css/img/hr.html]
[eloquentjavascript.net/2nd_edition/img/controlflow-nested-else.html]
[eloquentjavascript.net/2nd_edition/img/image.html]
[eloquentjavascript.net/2nd_edition/img/201407_ejs_unicycle_vector.html]
[/js/acorn_codemirror.js]
[/js/node_modules/codemirror/lib/codemirror.css]
[/css/ejs.css]
[/js/sandbox.js]
[/js/chapter_info.js]
[/js/code.js]
